c:\unreal\roguelike\obj\engine\debug\engine.pch
c:\unreal\roguelike\bin\engine\debug\engine.pdb
c:\unreal\roguelike\bin\engine\debug\engine.idb
c:\unreal\roguelike\obj\engine\debug\pch.obj
c:\unreal\roguelike\obj\engine\debug\sprite.obj
c:\unreal\roguelike\obj\engine\debug\rendersystem.obj
c:\unreal\roguelike\obj\engine\debug\cameracomponent.obj
c:\unreal\roguelike\obj\engine\debug\trigger.obj
c:\unreal\roguelike\obj\engine\debug\physicssystem.obj
c:\unreal\roguelike\obj\engine\debug\collision.obj
c:\unreal\roguelike\obj\engine\debug\collidercomponent.obj
c:\unreal\roguelike\obj\engine\debug\boxcollidercomponent.obj
c:\unreal\roguelike\obj\engine\debug\matrix2d.obj
c:\unreal\roguelike\obj\engine\debug\savesystem.obj
c:\unreal\roguelike\obj\engine\debug\gameworld.obj
c:\unreal\roguelike\obj\engine\debug\gameobject.obj
c:\unreal\roguelike\obj\engine\debug\engine.obj
c:\unreal\roguelike\obj\engine\debug\component.obj
c:\unreal\roguelike\obj\engine\debug\transformcomponent.obj
c:\unreal\roguelike\obj\engine\debug\spriterenderercomponent.obj
c:\unreal\roguelike\obj\engine\debug\spritecollidercomponent.obj
c:\unreal\roguelike\obj\engine\debug\rigidbodycomponent.obj
c:\unreal\roguelike\obj\engine\debug\inputcomponent.obj
c:\unreal\roguelike\obj\engine\debug\audiocomponent.obj
c:\unreal\roguelike\obj\engine\debug\uiprogressbar.obj
c:\unreal\roguelike\obj\engine\debug\uimanager.obj
c:\unreal\roguelike\obj\engine\debug\uielement.obj
c:\unreal\roguelike\obj\engine\debug\uianimation.obj
c:\unreal\roguelike\obj\engine\debug\resourcesystem.obj
c:\unreal\roguelike\bin\engine\debug\engine.lib
c:\unreal\roguelike\engine\..\bin\engine\debug\engine.pdb
c:\unreal\roguelike\engine\..\obj\engine\debug\engine.vcxproj.filelistabsolute.txt
c:\unreal\roguelike\obj\engine\debug\engine.tlog\cl.command.1.tlog
c:\unreal\roguelike\obj\engine\debug\engine.tlog\cl.items.tlog
c:\unreal\roguelike\obj\engine\debug\engine.tlog\cl.read.1.tlog
c:\unreal\roguelike\obj\engine\debug\engine.tlog\cl.write.1.tlog
c:\unreal\roguelike\obj\engine\debug\engine.tlog\lib-link.write.1.tlog
c:\unreal\roguelike\obj\engine\debug\engine.tlog\lib.command.1.tlog
c:\unreal\roguelike\obj\engine\debug\engine.tlog\lib.read.1.tlog
